
Linker Version 8.7.7.211123
Input Object File: c:\users\user\documents\htk_project\3652_adc_test_master_1\Output\MAIN.OBJ
Input Object File: c:\users\user\documents\htk_project\3652_adc_test_master_1\Output\HAL_ADC.OBJ
Input Object File: c:\users\user\documents\htk_project\3652_adc_test_master_1\Output\HAL_UART.OBJ
Input Object File: c:\users\user\documents\htk_project\3652_adc_test_master_1\Output\HAL_GPIO.OBJ
Input Object File: c:\users\user\documents\htk_project\3652_adc_test_master_1\Output\HAL_I2C.OBJ
Input Object File: c:\users\user\documents\htk_project\3652_adc_test_master_1\Output\HAL_KTD.OBJ
Input Object File: c:\users\user\documents\htk_project\3652_adc_test_master_1\Output\BC3602.OBJ
Input Object File: c:\users\user\documents\htk_project\3652_adc_test_master_1\Output\BCH32.OBJ
Input Object File: c:\users\user\documents\htk_project\3652_adc_test_master_1\Output\RF_API.OBJ
Input Object File: c:\users\user\documents\htk_project\3652_adc_test_master_1\Output\SPI.OBJ
Input Object File: c:\users\user\documents\htk_project\3652_adc_test_master_1\Output\STARTUP1_L.OBJ
Input Object File: c:\users\user\documents\htk_project\3652_adc_test_master_1\Output\HAL_RF.OBJ

Input Library File: C:\Program Files\Holtek MCU Development Tools\HT-IDE3000V8.x\LIB\LIBHOLTEKGCC.LIB
Input Library File: C:\Program Files\Holtek MCU Development Tools\HT-IDE3000V8.x\LIB\v3_lmrsc.lib


     Bank    Start     End      Length     Class    AvgIns    Name
     00h     0000h     0000h    0001h      CODE               @code (c:\users\user\documents\htk_project\3652_adc_test_master_1\Output\MAIN.OBJ)
     00h     0001h     0006h    0006h      CODE               @ROMDATA_BASE (c:\users\user\documents\htk_project\3652_adc_test_master_1\Output\STARTUP1_L.OBJ)
     00h     0007h     0008h    0002h      CODE               @crom (c:\users\user\documents\htk_project\3652_adc_test_master_1\Output\RF_API.OBJ)
     00h     0009h     001bh    0013h      CODE               _adc_init (c:\users\user\documents\htk_project\3652_adc_test_master_1\Output\HAL_ADC.OBJ)
     00h     001ch     001fh    0004h      CODE               @TB0_proc_code (c:\users\user\documents\htk_project\3652_adc_test_master_1\Output\HAL_RF.OBJ)
     00h     0020h     0040h    0021h      CODE               @start (c:\users\user\documents\htk_project\3652_adc_test_master_1\Output\MAIN.OBJ)
     00h     0041h     0072h    0032h      CODE               @crom (c:\users\user\documents\htk_project\3652_adc_test_master_1\Output\MAIN.OBJ)
     00h     0073h     0096h    0024h      CODE               @crom (c:\users\user\documents\htk_project\3652_adc_test_master_1\Output\HAL_UART.OBJ)
     00h     0097h     00f3h    005dh      CODE               @crom (c:\users\user\documents\htk_project\3652_adc_test_master_1\Output\BC3602.OBJ)
     00h     00f4h     0166h    0073h      CODE               _convert_integer_to_string (c:\users\user\documents\htk_project\3652_adc_test_master_1\Output\MAIN.OBJ)
     00h     0167h     017ch    0016h      CODE               _delay (c:\users\user\documents\htk_project\3652_adc_test_master_1\Output\MAIN.OBJ)
     00h     017dh     0192h    0016h      CODE               _sysInit (c:\users\user\documents\htk_project\3652_adc_test_master_1\Output\MAIN.OBJ)
     00h     0193h     01bah    0028h      CODE               _sw0_status_check (c:\users\user\documents\htk_project\3652_adc_test_master_1\Output\MAIN.OBJ)
     00h     01bbh     0226h    006ch      CODE               _main (c:\users\user\documents\htk_project\3652_adc_test_master_1\Output\MAIN.OBJ)
     00h     0227h     0278h    0052h      CODE               _adc_selectChannel (c:\users\user\documents\htk_project\3652_adc_test_master_1\Output\HAL_ADC.OBJ)
     00h     0279h     0290h    0018h      CODE               _adc_getValue (c:\users\user\documents\htk_project\3652_adc_test_master_1\Output\HAL_ADC.OBJ)
     00h     0291h     0339h    00a9h      CODE               _itoa (c:\users\user\documents\htk_project\3652_adc_test_master_1\Output\HAL_UART.OBJ)
     00h     033ah     0340h    0007h      CODE               _uart_int_init (c:\users\user\documents\htk_project\3652_adc_test_master_1\Output\HAL_UART.OBJ)
     00h     0341h     034eh    000eh      CODE               _uart_prot_init (c:\users\user\documents\htk_project\3652_adc_test_master_1\Output\HAL_UART.OBJ)
     00h     034fh     0356h    0008h      CODE               _uart_send (c:\users\user\documents\htk_project\3652_adc_test_master_1\Output\HAL_UART.OBJ)
     00h     0357h     035ch    0006h      CODE               _uart_receive (c:\users\user\documents\htk_project\3652_adc_test_master_1\Output\HAL_UART.OBJ)
     00h     035dh     036bh    000fh      CODE               _uart_printf (c:\users\user\documents\htk_project\3652_adc_test_master_1\Output\HAL_UART.OBJ)
     00h     036ch     0387h    001ch      CODE               _uart_int (c:\users\user\documents\htk_project\3652_adc_test_master_1\Output\HAL_UART.OBJ)
     00h     0388h     0392h    000bh      CODE               _gpio_init (c:\users\user\documents\htk_project\3652_adc_test_master_1\Output\HAL_GPIO.OBJ)
     00h     0393h     039dh    000bh      CODE               _int_init (c:\users\user\documents\htk_project\3652_adc_test_master_1\Output\HAL_GPIO.OBJ)
     00h     039eh     03a5h    0008h      CODE               _buzzer_ctrl (c:\users\user\documents\htk_project\3652_adc_test_master_1\Output\HAL_GPIO.OBJ)
     00h     03a6h     03a9h    0004h      CODE               _IIC_Init (c:\users\user\documents\htk_project\3652_adc_test_master_1\Output\HAL_I2C.OBJ)
     00h     03aah     03b9h    0010h      CODE               _IIC_Start (c:\users\user\documents\htk_project\3652_adc_test_master_1\Output\HAL_I2C.OBJ)
     00h     03bah     03c6h    000dh      CODE               _IIC_Stop (c:\users\user\documents\htk_project\3652_adc_test_master_1\Output\HAL_I2C.OBJ)
     00h     03c7h     03ech    0026h      CODE               _Wr_Byte (c:\users\user\documents\htk_project\3652_adc_test_master_1\Output\HAL_I2C.OBJ)
     00h     03edh     0408h    001ch      CODE               _Rd_Byte (c:\users\user\documents\htk_project\3652_adc_test_master_1\Output\HAL_I2C.OBJ)
     00h     0409h     041fh    0017h      CODE               _checkAck (c:\users\user\documents\htk_project\3652_adc_test_master_1\Output\HAL_I2C.OBJ)
     00h     0420h     0435h    0016h      CODE               _WriteI2C_Int (c:\users\user\documents\htk_project\3652_adc_test_master_1\Output\HAL_I2C.OBJ)
     00h     0436h     0451h    001ch      CODE               _ktd_en (c:\users\user\documents\htk_project\3652_adc_test_master_1\Output\HAL_KTD.OBJ)
     00h     0452h     04eeh    009dh      CODE               _ktd_clear (c:\users\user\documents\htk_project\3652_adc_test_master_1\Output\HAL_KTD.OBJ)
     00h     04efh     05a8h    00bah      CODE               _ktd_rgb_ctrl (c:\users\user\documents\htk_project\3652_adc_test_master_1\Output\HAL_KTD.OBJ)
     00h     05a9h     064fh    00a7h      CODE               _ktd_ring (c:\users\user\documents\htk_project\3652_adc_test_master_1\Output\HAL_KTD.OBJ)
     00h     0650h     06e3h    0094h      CODE               _ktd_clockwise_ring (c:\users\user\documents\htk_project\3652_adc_test_master_1\Output\HAL_KTD.OBJ)
     00h     06e4h     0777h    0094h      CODE               _ktd_anticlockwise_ring (c:\users\user\documents\htk_project\3652_adc_test_master_1\Output\HAL_KTD.OBJ)
     00h     0778h     0782h    000bh      CODE               _SpiWriteRegCMD (c:\users\user\documents\htk_project\3652_adc_test_master_1\Output\BC3602.OBJ)
     00h     0783h     0788h    0006h      CODE               _SpiWriteStrobeCMD (c:\users\user\documents\htk_project\3652_adc_test_master_1\Output\BC3602.OBJ)
     00h     0789h     0794h    000ch      CODE               _SpiReadRegCMD (c:\users\user\documents\htk_project\3652_adc_test_master_1\Output\BC3602.OBJ)
     00h     0795h     07a9h    0015h      CODE               _RFWriteBuf (c:\users\user\documents\htk_project\3652_adc_test_master_1\Output\BC3602.OBJ)
     00h     07aah     07c5h    001ch      CODE               _RFWriteBuf2 (c:\users\user\documents\htk_project\3652_adc_test_master_1\Output\BC3602.OBJ)
     00h     07c6h     07e0h    001bh      CODE               _RFReadBuf (c:\users\user\documents\htk_project\3652_adc_test_master_1\Output\BC3602.OBJ)
     00h     07e1h     07feh    001eh      CODE               _RFReadBuf2 (c:\users\user\documents\htk_project\3652_adc_test_master_1\Output\BC3602.OBJ)
     00h     07ffh     0819h    001bh      CODE               _WriteFIFO (c:\users\user\documents\htk_project\3652_adc_test_master_1\Output\BC3602.OBJ)
     00h     081ah     0836h    001dh      CODE               _ReadFIFO (c:\users\user\documents\htk_project\3652_adc_test_master_1\Output\BC3602.OBJ)
     00h     0837h     083fh    0009h      CODE               _RFEnATR (c:\users\user\documents\htk_project\3652_adc_test_master_1\Output\BC3602.OBJ)
     00h     0840h     0848h    0009h      CODE               _RFDisATR (c:\users\user\documents\htk_project\3652_adc_test_master_1\Output\BC3602.OBJ)
     00h     0849h     084eh    0006h      CODE               _RFXtalReady (c:\users\user\documents\htk_project\3652_adc_test_master_1\Output\BC3602.OBJ)
     00h     084fh     0861h    0013h      CODE               _ResetLvRF (c:\users\user\documents\htk_project\3652_adc_test_master_1\Output\BC3602.OBJ)
     00h     0862h     08f0h    008fh      CODE               _BC3602_Config (c:\users\user\documents\htk_project\3652_adc_test_master_1\Output\BC3602.OBJ)
     00h     08f1h     0901h    0011h      CODE               _RFWriteSyncword (c:\users\user\documents\htk_project\3652_adc_test_master_1\Output\BC3602.OBJ)
     00h     0902h     0902h    0001h      CODE               _RFReadSyncword (c:\users\user\documents\htk_project\3652_adc_test_master_1\Output\BC3602.OBJ)
     00h     0903h     094bh    0049h      CODE               _RFSetDRPram (c:\users\user\documents\htk_project\3652_adc_test_master_1\Output\BC3602.OBJ)
     00h     094ch     0970h    0025h      CODE               _RFWriteFreqTABLE (c:\users\user\documents\htk_project\3652_adc_test_master_1\Output\BC3602.OBJ)
     00h     0971h     099eh    002eh      CODE               _RFWriteFreq (c:\users\user\documents\htk_project\3652_adc_test_master_1\Output\BC3602.OBJ)
     00h     099fh     09bch    001eh      CODE               _RFSetPower (c:\users\user\documents\htk_project\3652_adc_test_master_1\Output\BC3602.OBJ)
     00h     09bdh     09cah    000eh      CODE               _RFCalibration (c:\users\user\documents\htk_project\3652_adc_test_master_1\Output\BC3602.OBJ)
     00h     09cbh     09d2h    0008h      CODE               _RFGetClrRFIrq (c:\users\user\documents\htk_project\3652_adc_test_master_1\Output\BC3602.OBJ)
     00h     09d3h     09d5h    0003h      CODE               _ResetTXFIFO (c:\users\user\documents\htk_project\3652_adc_test_master_1\Output\BC3602.OBJ)
     00h     09d6h     09d8h    0003h      CODE               _ResetRXFIFO (c:\users\user\documents\htk_project\3652_adc_test_master_1\Output\BC3602.OBJ)
     00h     09d9h     09dbh    0003h      CODE               _EntryLightSleep (c:\users\user\documents\htk_project\3652_adc_test_master_1\Output\BC3602.OBJ)
     00h     09dch     09deh    0003h      CODE               _EntryDeepSleep (c:\users\user\documents\htk_project\3652_adc_test_master_1\Output\BC3602.OBJ)
     00h     09dfh     09e1h    0003h      CODE               _EntryIdleMode (c:\users\user\documents\htk_project\3652_adc_test_master_1\Output\BC3602.OBJ)
     00h     09e2h     09efh    000eh      CODE               _LircCalibration (c:\users\user\documents\htk_project\3652_adc_test_master_1\Output\BC3602.OBJ)
     00h     09f0h     0a07h    0018h      CODE               _RF_Init (c:\users\user\documents\htk_project\3652_adc_test_master_1\Output\BC3602.OBJ)
     00h     0a08h     0a2ch    0025h      CODE               _RF_TxCarrier (c:\users\user\documents\htk_project\3652_adc_test_master_1\Output\BC3602.OBJ)
     00h     0a2dh     0a5ch    0030h      CODE               _RF_RxBER (c:\users\user\documents\htk_project\3652_adc_test_master_1\Output\BC3602.OBJ)
     00h     0a5dh     0a74h    0018h      CODE               _RF_WriteFreq (c:\users\user\documents\htk_project\3652_adc_test_master_1\Output\BC3602.OBJ)
     00h     0a75h     0a7dh    0009h      CODE               _RF_SetSniffPrm (c:\users\user\documents\htk_project\3652_adc_test_master_1\Output\BC3602.OBJ)
     00h     0a7eh     0a86h    0009h      CODE               _RF_SetAddr (c:\users\user\documents\htk_project\3652_adc_test_master_1\Output\BC3602.OBJ)
     00h     0a87h     0a94h    000eh      CODE               _RF_EntryRxMode (c:\users\user\documents\htk_project\3652_adc_test_master_1\Output\BC3602.OBJ)
     00h     0a95h     0aa7h    0013h      CODE               _RF_EntrySniffMode (c:\users\user\documents\htk_project\3652_adc_test_master_1\Output\BC3602.OBJ)
     00h     0aa8h     0ab8h    0011h      CODE               _RF_EntryWOT_Mode (c:\users\user\documents\htk_project\3652_adc_test_master_1\Output\BC3602.OBJ)
     00h     0ab9h     0acdh    0015h      CODE               _RF_SendData (c:\users\user\documents\htk_project\3652_adc_test_master_1\Output\BC3602.OBJ)
     00h     0aceh     0ad3h    0006h      CODE               _RF_ResendData (c:\users\user\documents\htk_project\3652_adc_test_master_1\Output\BC3602.OBJ)
     00h     0ad4h     0addh    000ah      CODE               _RF_ReadRxData (c:\users\user\documents\htk_project\3652_adc_test_master_1\Output\BC3602.OBJ)
     00h     0adeh     0ae2h    0005h      CODE               _RFReadRssi (c:\users\user\documents\htk_project\3652_adc_test_master_1\Output\BC3602.OBJ)
     00h     0ae3h     0af5h    0013h      CODE               _Extend_FIFO_Enable (c:\users\user\documents\htk_project\3652_adc_test_master_1\Output\BC3602.OBJ)
     00h     0af6h     0b06h    0011h      CODE               _Extend_FIFO_Disable (c:\users\user\documents\htk_project\3652_adc_test_master_1\Output\BC3602.OBJ)
     00h     0b07h     0b17h    0011h      CODE               _RFEnARK (c:\users\user\documents\htk_project\3652_adc_test_master_1\Output\BC3602.OBJ)
     00h     0b18h     0b20h    0009h      CODE               _RFDisARK (c:\users\user\documents\htk_project\3652_adc_test_master_1\Output\BC3602.OBJ)
     00h     0b21h     0b66h    0046h      CODE               _CRC16_CCITT_FALSE (c:\users\user\documents\htk_project\3652_adc_test_master_1\Output\BC3602.OBJ)
     00h     0b67h     0ba5h    003fh      CODE               _RF_Parameter_loading (c:\users\user\documents\htk_project\3652_adc_test_master_1\Output\RF_API.OBJ)
     00h     0ba6h     0c73h    00ceh      CODE               _SimpleFIFO_TX_Process (c:\users\user\documents\htk_project\3652_adc_test_master_1\Output\RF_API.OBJ)
     00h     0c74h     0d3ah    00c7h      CODE               _SimpleFIFO_RX_Process (c:\users\user\documents\htk_project\3652_adc_test_master_1\Output\RF_API.OBJ)
     00h     0d3bh     0d4ah    0010h      CODE               _SpiIOInti (c:\users\user\documents\htk_project\3652_adc_test_master_1\Output\SPI.OBJ)
     00h     0d4bh     0d4ch    0002h      CODE               _SpiCSN_low (c:\users\user\documents\htk_project\3652_adc_test_master_1\Output\SPI.OBJ)
     00h     0d4dh     0d4eh    0002h      CODE               _SpiCSN_high (c:\users\user\documents\htk_project\3652_adc_test_master_1\Output\SPI.OBJ)
     00h     0d4fh     0d59h    000bh      CODE               _SpiRead (c:\users\user\documents\htk_project\3652_adc_test_master_1\Output\SPI.OBJ)
     00h     0d5ah     0d63h    000ah      CODE               _SpiWrite (c:\users\user\documents\htk_project\3652_adc_test_master_1\Output\SPI.OBJ)
     00h     0d64h     0d76h    0013h      CODE               _fun_RamInit (c:\users\user\documents\htk_project\3652_adc_test_master_1\Output\HAL_RF.OBJ)
     00h     0d77h     0d90h    001ah      CODE               _Sys_init (c:\users\user\documents\htk_project\3652_adc_test_master_1\Output\HAL_RF.OBJ)
     00h     0d91h     0d96h    0006h      CODE               _RF_Process_Init (c:\users\user\documents\htk_project\3652_adc_test_master_1\Output\HAL_RF.OBJ)
     00h     0d97h     0d9bh    0005h      CODE               _TB0_proc (c:\users\user\documents\htk_project\3652_adc_test_master_1\Output\HAL_RF.OBJ)
     00h     0d9ch     0e57h    00bch      CODE               _RF_Finished_Process (c:\users\user\documents\htk_project\3652_adc_test_master_1\Output\HAL_RF.OBJ)
     00h     0e58h     0e68h    0011h      CODE               _DATA_Process (c:\users\user\documents\htk_project\3652_adc_test_master_1\Output\HAL_RF.OBJ)
     00h     0e69h     0e8bh    0023h      CODE               _KEY_Process (c:\users\user\documents\htk_project\3652_adc_test_master_1\Output\HAL_RF.OBJ)
     00h     0e8ch     0eafh    0024h      CODE               _RF_Process (c:\users\user\documents\htk_project\3652_adc_test_master_1\Output\HAL_RF.OBJ)
     00h     0eb0h     0ec6h    0017h      CODE               _System_deepsleep (c:\users\user\documents\htk_project\3652_adc_test_master_1\Output\HAL_RF.OBJ)
     00h     0ec7h     0efdh    0037h      CODE               _builtin_holtek_divmodhi4_isr00 (C:\Program Files\Holtek MCU Development Tools\HT-IDE3000V8.x\LIB\LIBHOLTEKGCC.LIB)
     00h     0efeh     0f10h    0013h      CODE               _builtin_holtek_mulhi3_isr00 (C:\Program Files\Holtek MCU Development Tools\HT-IDE3000V8.x\LIB\LIBHOLTEKGCC.LIB)
     00h     0f11h     0f1ah    000ah      CODE               __DELAYX (C:\Program Files\Holtek MCU Development Tools\HT-IDE3000V8.x\LIB\LIBHOLTEKGCC.LIB)
     00h     0f1bh     0f42h    0028h      CODE               _memcpy (C:\Program Files\Holtek MCU Development Tools\HT-IDE3000V8.x\LIB\v3_lmrsc.lib)
     00h     0f43h     0f52h    0010h      CODE               _CROM2PROM (CROM2PROM)
     00h     0080h     0080h    0001h      DATA     165       @data_ra (C:\Program Files\Holtek MCU Development Tools\HT-IDE3000V8.x\LIB\LIBHOLTEKGCC.LIB)
     00h     0081h     0081h    0001h      DATA     116       @data_rb (C:\Program Files\Holtek MCU Development Tools\HT-IDE3000V8.x\LIB\LIBHOLTEKGCC.LIB)
     00h     0082h     0082h    0001h      DATA     111       @data_rc (C:\Program Files\Holtek MCU Development Tools\HT-IDE3000V8.x\LIB\LIBHOLTEKGCC.LIB)
     00h     0083h     0083h    0001h      DATA     47        @data_rd (C:\Program Files\Holtek MCU Development Tools\HT-IDE3000V8.x\LIB\LIBHOLTEKGCC.LIB)
     00h     0084h     0084h    0001h      DATA     36        @data_re (C:\Program Files\Holtek MCU Development Tools\HT-IDE3000V8.x\LIB\LIBHOLTEKGCC.LIB)
     00h     0085h     0085h    0001h      DATA     14        @data_rf (C:\Program Files\Holtek MCU Development Tools\HT-IDE3000V8.x\LIB\LIBHOLTEKGCC.LIB)
     00h     0086h     0086h    0001h      DATA     8         @data_rg (C:\Program Files\Holtek MCU Development Tools\HT-IDE3000V8.x\LIB\LIBHOLTEKGCC.LIB)
     00h     0087h     0087h    0001h      DATA     3         @data_rh (C:\Program Files\Holtek MCU Development Tools\HT-IDE3000V8.x\LIB\LIBHOLTEKGCC.LIB)
     00h     0088h     0088h    0001h      DATA     2         @data_r11c (isr:ra~rh)
     00h     0089h     0089h    0001h      DATA     2         @data_r21c (isr:ra~rh)
     00h     00a2h     00a2h    0001h      DATA     2         @HCCINIT_DeviceACK_Flag (c:\users\user\documents\htk_project\3652_adc_test_master_1\Output\HAL_I2C.OBJ)
     00h     00a3h     00a3h    0001h      DATA     1         @HCCINIT_Fg_I2c_WrRd (c:\users\user\documents\htk_project\3652_adc_test_master_1\Output\HAL_I2C.OBJ)
     00h     00a4h     00a4h    0001h      DATA     1         @HCCINIT_DeviceACK_CMD_Flag (c:\users\user\documents\htk_project\3652_adc_test_master_1\Output\HAL_I2C.OBJ)
     00h     00a5h     00a5h    0001h      DATA     0         @HCCINIT_u16_I2cError_Cnt (c:\users\user\documents\htk_project\3652_adc_test_master_1\Output\HAL_I2C.OBJ)
     00h     00a6h     00a6h    0001h      DATA     0         @HCCINIT_ExtTxLength (c:\users\user\documents\htk_project\3652_adc_test_master_1\Output\BC3602.OBJ)
     00h     00a7h     00a9h    0003h      DATA     4         @HCCINIT0_Mflag (c:\users\user\documents\htk_project\3652_adc_test_master_1\Output\HAL_RF.OBJ)
     00h     00aah     00abh    0002h      DATA     3         @HCCINIT0_temPtr (c:\users\user\documents\htk_project\3652_adc_test_master_1\Output\HAL_UART.OBJ)
     00h     00ach     00afh    0004h      DATA     3         @HCCINIT0_intF (c:\users\user\documents\htk_project\3652_adc_test_master_1\Output\HAL_GPIO.OBJ)
     00h     00b0h     00c8h    0019h      DATA     1.32      @HCCINIT0_BC3602_T (c:\users\user\documents\htk_project\3652_adc_test_master_1\Output\RF_API.OBJ)
     00h     00c9h     00cch    0004h      DATA     1         @HCCINIT0_mRFSync (c:\users\user\documents\htk_project\3652_adc_test_master_1\Output\BC3602.OBJ)
     00h     00cdh     00ech    0020h      DATA     0.125     @HCCINIT0_RF_TXFIFO (c:\users\user\documents\htk_project\3652_adc_test_master_1\Output\BC3602.OBJ)
     00h     00edh     00eeh    0002h      DATA     0         @HCCINIT0_ADC_Value (c:\users\user\documents\htk_project\3652_adc_test_master_1\Output\MAIN.OBJ)
     00h     00efh     00f0h    0002h      DATA     0         @HCCINIT0_a (c:\users\user\documents\htk_project\3652_adc_test_master_1\Output\MAIN.OBJ)
     00h     00f1h     00f1h    0001h      DATA     0         @HCCINIT0_ReceiveData (c:\users\user\documents\htk_project\3652_adc_test_master_1\Output\HAL_UART.OBJ)
     00h     00f2h     00f2h    0001h      DATA     0         @HCCINIT0_u8_IIC_Count (c:\users\user\documents\htk_project\3652_adc_test_master_1\Output\HAL_I2C.OBJ)
     00h     00f3h     00f3h    0001h      DATA     0         @HCCINIT0_u8_I2c_WrRd_1ms (c:\users\user\documents\htk_project\3652_adc_test_master_1\Output\HAL_I2C.OBJ)
     00h     00f4h     00f4h    0001h      DATA     0         @HCCINIT0_Rx_Buff (c:\users\user\documents\htk_project\3652_adc_test_master_1\Output\HAL_I2C.OBJ)
     00h     00f5h     00f5h    0001h      DATA     0         @HCCINIT0_RF_IRQ (c:\users\user\documents\htk_project\3652_adc_test_master_1\Output\BC3602.OBJ)
     00h     00f6h     00f6h    0001h      DATA     0         @HCCINIT0_ExtRxLength (c:\users\user\documents\htk_project\3652_adc_test_master_1\Output\BC3602.OBJ)
     00h     00f7h     00fah    0004h      DATA     0         @HCCINIT0_syncword (c:\users\user\documents\htk_project\3652_adc_test_master_1\Output\RF_API.OBJ)
     00h     00fbh     00fch    0002h      DATA     0         @HCCINIT0_Resent_Count (c:\users\user\documents\htk_project\3652_adc_test_master_1\Output\RF_API.OBJ)
     01h     0080h     009fh    0020h      DATA     0.0312    @HCCINIT0_RF_RXFIFO (c:\users\user\documents\htk_project\3652_adc_test_master_1\Output\BC3602.OBJ)

     Local Sections

     Bank    Start     End      Length     Class    AvgIns    Name
     00h     0092h     0097h    0006h      LOCAL    3         _convert_integer_to_string (c:\users\user\documents\htk_project\3652_adc_test_master_1\Output\MAIN.OBJ)
     00h     008ah     0091h    0008h      LOCAL    8.5       _builtin_holtek_divmodhi4_isr00 (C:\Program Files\Holtek MCU Development Tools\HT-IDE3000V8.x\LIB\LIBHOLTEKGCC.LIB)
     00h     009eh     009eh    0000h      LOCAL    0         @dummy (c:\users\user\documents\htk_project\3652_adc_test_master_1\Output\MAIN.OBJ)
     00h     009dh     009dh    0001h      LOCAL    3         _main (c:\users\user\documents\htk_project\3652_adc_test_master_1\Output\MAIN.OBJ)
     00h     008ah     008ah    0000h      LOCAL    0         _Sys_init (c:\users\user\documents\htk_project\3652_adc_test_master_1\Output\HAL_RF.OBJ)
     00h     008ah     008ah    0000h      LOCAL    0         _fun_RamInit (c:\users\user\documents\htk_project\3652_adc_test_master_1\Output\HAL_RF.OBJ)
     00h     0092h     0092h    0000h      LOCAL    0         _sysInit (c:\users\user\documents\htk_project\3652_adc_test_master_1\Output\MAIN.OBJ)
     00h     008ah     008ah    0000h      LOCAL    0         _uart_prot_init (c:\users\user\documents\htk_project\3652_adc_test_master_1\Output\HAL_UART.OBJ)
     00h     008ah     008ah    0000h      LOCAL    0         _uart_int_init (c:\users\user\documents\htk_project\3652_adc_test_master_1\Output\HAL_UART.OBJ)
     00h     008ah     008bh    0002h      LOCAL    57        _delay (c:\users\user\documents\htk_project\3652_adc_test_master_1\Output\MAIN.OBJ)
     00h     008ch     008ch    0000h      LOCAL    0         _adc_init (c:\users\user\documents\htk_project\3652_adc_test_master_1\Output\HAL_ADC.OBJ)
     00h     008ah     008ah    0001h      LOCAL    9         _adc_selectChannel (c:\users\user\documents\htk_project\3652_adc_test_master_1\Output\HAL_ADC.OBJ)
     00h     008ah     008ah    0000h      LOCAL    0         _IIC_Init (c:\users\user\documents\htk_project\3652_adc_test_master_1\Output\HAL_I2C.OBJ)
     00h     0092h     0092h    0000h      LOCAL    0         _ktd_en (c:\users\user\documents\htk_project\3652_adc_test_master_1\Output\HAL_KTD.OBJ)
     00h     008ch     0091h    0006h      LOCAL    39        _WriteI2C_Int (c:\users\user\documents\htk_project\3652_adc_test_master_1\Output\HAL_I2C.OBJ)
     00h     008ah     008ah    0000h      LOCAL    0         _IIC_Start (c:\users\user\documents\htk_project\3652_adc_test_master_1\Output\HAL_I2C.OBJ)
     00h     008ah     008ah    0000h      LOCAL    0         __DELAYX (C:\Program Files\Holtek MCU Development Tools\HT-IDE3000V8.x\LIB\LIBHOLTEKGCC.LIB)
     00h     008ah     008bh    0002h      LOCAL    4         _Wr_Byte (c:\users\user\documents\htk_project\3652_adc_test_master_1\Output\HAL_I2C.OBJ)
     00h     008ah     008ah    0000h      LOCAL    0         _checkAck (c:\users\user\documents\htk_project\3652_adc_test_master_1\Output\HAL_I2C.OBJ)
     00h     008ah     008ah    0000h      LOCAL    0         _IIC_Stop (c:\users\user\documents\htk_project\3652_adc_test_master_1\Output\HAL_I2C.OBJ)
     00h     0092h     0092h    0000h      LOCAL    0         _ktd_clear (c:\users\user\documents\htk_project\3652_adc_test_master_1\Output\HAL_KTD.OBJ)
     00h     008ah     008ah    0000h      LOCAL    0         _int_init (c:\users\user\documents\htk_project\3652_adc_test_master_1\Output\HAL_GPIO.OBJ)
     00h     008ah     008ah    0000h      LOCAL    0         _gpio_init (c:\users\user\documents\htk_project\3652_adc_test_master_1\Output\HAL_GPIO.OBJ)
     00h     0090h     0090h    0000h      LOCAL    0         _RF_Init (c:\users\user\documents\htk_project\3652_adc_test_master_1\Output\BC3602.OBJ)
     00h     008ah     008ah    0000h      LOCAL    0         _SpiIOInti (c:\users\user\documents\htk_project\3652_adc_test_master_1\Output\SPI.OBJ)
     00h     008bh     008bh    0001h      LOCAL    2         _SpiWriteStrobeCMD (c:\users\user\documents\htk_project\3652_adc_test_master_1\Output\BC3602.OBJ)
     00h     008ah     008ah    0000h      LOCAL    0         _SpiCSN_low (c:\users\user\documents\htk_project\3652_adc_test_master_1\Output\SPI.OBJ)
     00h     008ah     008ah    0001h      LOCAL    2         _SpiWrite (c:\users\user\documents\htk_project\3652_adc_test_master_1\Output\SPI.OBJ)
     00h     008ah     008ah    0000h      LOCAL    0         _SpiCSN_high (c:\users\user\documents\htk_project\3652_adc_test_master_1\Output\SPI.OBJ)
     00h     008dh     008dh    0001h      LOCAL    4         _ResetLvRF (c:\users\user\documents\htk_project\3652_adc_test_master_1\Output\BC3602.OBJ)
     00h     008bh     008ch    0002h      LOCAL    2         _SpiReadRegCMD (c:\users\user\documents\htk_project\3652_adc_test_master_1\Output\BC3602.OBJ)
     00h     008ah     008ah    0000h      LOCAL    0         _SpiRead (c:\users\user\documents\htk_project\3652_adc_test_master_1\Output\SPI.OBJ)
     00h     008bh     008ch    0002h      LOCAL    29.5      _SpiWriteRegCMD (c:\users\user\documents\htk_project\3652_adc_test_master_1\Output\BC3602.OBJ)
     00h     008dh     008eh    0002h      LOCAL    12.5      _BC3602_Config (c:\users\user\documents\htk_project\3652_adc_test_master_1\Output\BC3602.OBJ)
     00h     008ah     008ah    0000h      LOCAL    0         _Crom2Prom (CROM2PROM)
     00h     0090h     0090h    0000h      LOCAL    0         _RFWriteSyncword (c:\users\user\documents\htk_project\3652_adc_test_master_1\Output\BC3602.OBJ)
     00h     008bh     008fh    0005h      LOCAL    2.4       _RFWriteBuf (c:\users\user\documents\htk_project\3652_adc_test_master_1\Output\BC3602.OBJ)
     00h     008dh     008eh    0002h      LOCAL    2.5       _RFWriteFreqTABLE (c:\users\user\documents\htk_project\3652_adc_test_master_1\Output\BC3602.OBJ)
     00h     008dh     008eh    0002h      LOCAL    5         _RFSetDRPram (c:\users\user\documents\htk_project\3652_adc_test_master_1\Output\BC3602.OBJ)
     00h     008dh     008eh    0002h      LOCAL    1.5       _RFSetPower (c:\users\user\documents\htk_project\3652_adc_test_master_1\Output\BC3602.OBJ)
     00h     008dh     008dh    0000h      LOCAL    0         _RFXtalReady (c:\users\user\documents\htk_project\3652_adc_test_master_1\Output\BC3602.OBJ)
     00h     008dh     008dh    0000h      LOCAL    0         _RFCalibration (c:\users\user\documents\htk_project\3652_adc_test_master_1\Output\BC3602.OBJ)
     00h     008dh     008dh    0000h      LOCAL    0         _LircCalibration (c:\users\user\documents\htk_project\3652_adc_test_master_1\Output\BC3602.OBJ)
     00h     008dh     008dh    0001h      LOCAL    2         _RFGetClrRFIrq (c:\users\user\documents\htk_project\3652_adc_test_master_1\Output\BC3602.OBJ)
     00h     0091h     0091h    0001h      LOCAL    2         _RF_Parameter_loading (c:\users\user\documents\htk_project\3652_adc_test_master_1\Output\RF_API.OBJ)
     00h     008bh     0090h    0006h      LOCAL    3.5       _RFReadBuf2 (c:\users\user\documents\htk_project\3652_adc_test_master_1\Output\BC3602.OBJ)
     00h     008dh     008dh    0000h      LOCAL    0         _sw0_status_check (c:\users\user\documents\htk_project\3652_adc_test_master_1\Output\MAIN.OBJ)
     00h     008bh     008ch    0002h      LOCAL    10        _uart_printf (c:\users\user\documents\htk_project\3652_adc_test_master_1\Output\HAL_UART.OBJ)
     00h     008ah     008ah    0001h      LOCAL    2         _uart_send (c:\users\user\documents\htk_project\3652_adc_test_master_1\Output\HAL_UART.OBJ)
     00h     0092h     0099h    0008h      LOCAL    4.375     _ktd_rgb_ctrl (c:\users\user\documents\htk_project\3652_adc_test_master_1\Output\HAL_KTD.OBJ)
     00h     008ch     008ch    0001h      LOCAL    0         _KEY_Process (c:\users\user\documents\htk_project\3652_adc_test_master_1\Output\HAL_RF.OBJ)
     00h     008ah     008bh    0002h      LOCAL    3         _DATA_Process (c:\users\user\documents\htk_project\3652_adc_test_master_1\Output\HAL_RF.OBJ)
     00h     0091h     0093h    0003h      LOCAL    13        _SimpleFIFO_TX_Process (c:\users\user\documents\htk_project\3652_adc_test_master_1\Output\RF_API.OBJ)
     00h     008bh     0090h    0006h      LOCAL    4.5       _RFWriteBuf2 (c:\users\user\documents\htk_project\3652_adc_test_master_1\Output\BC3602.OBJ)
     00h     0091h     0093h    0003h      LOCAL    13        _SimpleFIFO_RX_Process (c:\users\user\documents\htk_project\3652_adc_test_master_1\Output\RF_API.OBJ)
     00h     009ah     009ch    0003h      LOCAL    11.667    _RF_Finished_Process (c:\users\user\documents\htk_project\3652_adc_test_master_1\Output\HAL_RF.OBJ)
     00h     009ch     009dh    0002h      LOCAL    1         _uart_int (c:\users\user\documents\htk_project\3652_adc_test_master_1\Output\HAL_UART.OBJ)
     00h     008ah     008fh    0006h      LOCAL    2.6667    _memcpy (C:\Program Files\Holtek MCU Development Tools\HT-IDE3000V8.x\LIB\v3_lmrsc.lib)
     00h     0092h     009bh    000ah      LOCAL    3.7       _itoa (c:\users\user\documents\htk_project\3652_adc_test_master_1\Output\HAL_UART.OBJ)
     00h     008ah     008fh    0006h      LOCAL    3.1667    _builtin_holtek_mulhi3_isr00 (C:\Program Files\Holtek MCU Development Tools\HT-IDE3000V8.x\LIB\LIBHOLTEKGCC.LIB)
     00h     008ah     008ah    0000h      LOCAL    0         _Rd_Byte (c:\users\user\documents\htk_project\3652_adc_test_master_1\Output\HAL_I2C.OBJ)
     00h     009bh     00a1h    0007h      LOCAL    4.8571    _ktd_clockwise_ring (c:\users\user\documents\htk_project\3652_adc_test_master_1\Output\HAL_KTD.OBJ)
     00h     0092h     009ah    0009h      LOCAL    11.778    _ktd_ring (c:\users\user\documents\htk_project\3652_adc_test_master_1\Output\HAL_KTD.OBJ)
     00h     009bh     00a1h    0007h      LOCAL    4.8571    _ktd_anticlockwise_ring (c:\users\user\documents\htk_project\3652_adc_test_master_1\Output\HAL_KTD.OBJ)
     00h     008bh     0091h    0007h      LOCAL    1.8571    _RFReadBuf (c:\users\user\documents\htk_project\3652_adc_test_master_1\Output\BC3602.OBJ)
     00h     008dh     0090h    0004h      LOCAL    3         _RFWriteFreq (c:\users\user\documents\htk_project\3652_adc_test_master_1\Output\BC3602.OBJ)
     00h     008ch     008ch    0000h      LOCAL    0         _ResetTXFIFO (c:\users\user\documents\htk_project\3652_adc_test_master_1\Output\BC3602.OBJ)
     00h     008ch     008ch    0000h      LOCAL    0         _ResetRXFIFO (c:\users\user\documents\htk_project\3652_adc_test_master_1\Output\BC3602.OBJ)
     00h     008ch     008ch    0000h      LOCAL    0         _EntryLightSleep (c:\users\user\documents\htk_project\3652_adc_test_master_1\Output\BC3602.OBJ)
     00h     008ch     008ch    0000h      LOCAL    0         _EntryDeepSleep (c:\users\user\documents\htk_project\3652_adc_test_master_1\Output\BC3602.OBJ)
     00h     008ch     008ch    0000h      LOCAL    0         _EntryIdleMode (c:\users\user\documents\htk_project\3652_adc_test_master_1\Output\BC3602.OBJ)
     00h     008dh     008dh    0001h      LOCAL    3         _RF_TxCarrier (c:\users\user\documents\htk_project\3652_adc_test_master_1\Output\BC3602.OBJ)
     00h     008dh     008dh    0001h      LOCAL    2         _RF_RxBER (c:\users\user\documents\htk_project\3652_adc_test_master_1\Output\BC3602.OBJ)
     00h     0091h     0093h    0003h      LOCAL    1.3333    _RF_WriteFreq (c:\users\user\documents\htk_project\3652_adc_test_master_1\Output\BC3602.OBJ)
     00h     0091h     0092h    0002h      LOCAL    1         _RF_SetSniffPrm (c:\users\user\documents\htk_project\3652_adc_test_master_1\Output\BC3602.OBJ)
     00h     0091h     0092h    0002h      LOCAL    1         _RF_SetAddr (c:\users\user\documents\htk_project\3652_adc_test_master_1\Output\BC3602.OBJ)
     00h     008dh     008dh    0000h      LOCAL    0         _RF_EntryRxMode (c:\users\user\documents\htk_project\3652_adc_test_master_1\Output\BC3602.OBJ)
     00h     008dh     008dh    0000h      LOCAL    0         _RFDisATR (c:\users\user\documents\htk_project\3652_adc_test_master_1\Output\BC3602.OBJ)
     00h     008dh     008dh    0000h      LOCAL    0         _RF_EntrySniffMode (c:\users\user\documents\htk_project\3652_adc_test_master_1\Output\BC3602.OBJ)
     00h     008dh     008dh    0000h      LOCAL    0         _RFEnATR (c:\users\user\documents\htk_project\3652_adc_test_master_1\Output\BC3602.OBJ)
     00h     008dh     008dh    0000h      LOCAL    0         _RF_EntryWOT_Mode (c:\users\user\documents\htk_project\3652_adc_test_master_1\Output\BC3602.OBJ)
     00h     0090h     0090h    0000h      LOCAL    0         _RF_SendData (c:\users\user\documents\htk_project\3652_adc_test_master_1\Output\BC3602.OBJ)
     00h     008bh     008fh    0005h      LOCAL    3.2       _WriteFIFO (c:\users\user\documents\htk_project\3652_adc_test_master_1\Output\BC3602.OBJ)
     00h     008dh     008dh    0000h      LOCAL    0         _RF_ResendData (c:\users\user\documents\htk_project\3652_adc_test_master_1\Output\BC3602.OBJ)
     00h     0090h     0090h    0000h      LOCAL    0         _RF_ReadRxData (c:\users\user\documents\htk_project\3652_adc_test_master_1\Output\BC3602.OBJ)
     00h     008bh     008fh    0005h      LOCAL    3.2       _ReadFIFO (c:\users\user\documents\htk_project\3652_adc_test_master_1\Output\BC3602.OBJ)
     00h     008dh     008dh    0000h      LOCAL    0         _RFReadRssi (c:\users\user\documents\htk_project\3652_adc_test_master_1\Output\BC3602.OBJ)
     00h     008dh     008dh    0000h      LOCAL    0         _Extend_FIFO_Enable (c:\users\user\documents\htk_project\3652_adc_test_master_1\Output\BC3602.OBJ)
     00h     008dh     008dh    0000h      LOCAL    0         _Extend_FIFO_Disable (c:\users\user\documents\htk_project\3652_adc_test_master_1\Output\BC3602.OBJ)
     00h     008dh     008dh    0000h      LOCAL    0         _RFEnARK (c:\users\user\documents\htk_project\3652_adc_test_master_1\Output\BC3602.OBJ)
     00h     008dh     008dh    0000h      LOCAL    0         _RFDisARK (c:\users\user\documents\htk_project\3652_adc_test_master_1\Output\BC3602.OBJ)
     00h     008ah     0091h    0008h      LOCAL    1.875     _CRC16_CCITT_FALSE (c:\users\user\documents\htk_project\3652_adc_test_master_1\Output\BC3602.OBJ)
     00h     0092h     0092h    0000h      LOCAL    0         _RF_Process_Init (c:\users\user\documents\htk_project\3652_adc_test_master_1\Output\HAL_RF.OBJ)
     00h     008ah     008ah    0000h      LOCAL    0         @dummy28 (c:\users\user\documents\htk_project\3652_adc_test_master_1\Output\HAL_RF.OBJ)
     00h     008ah     008ah    0000h      LOCAL    0         _TB0_proc (c:\users\user\documents\htk_project\3652_adc_test_master_1\Output\HAL_RF.OBJ)
     00h     009dh     009dh    0000h      LOCAL    0         _RF_Process (c:\users\user\documents\htk_project\3652_adc_test_master_1\Output\HAL_RF.OBJ)

     Indepentent Local Sections

     Bank    Start     End      Length     Class    AvgIns    Name
     00h     008ah     008ah    0000h      ILOCAL   0         _adc_getValue (c:\users\user\documents\htk_project\3652_adc_test_master_1\Output\HAL_ADC.OBJ)
     00h     008ah     008ah    0000h      ILOCAL   0         _uart_receive (c:\users\user\documents\htk_project\3652_adc_test_master_1\Output\HAL_UART.OBJ)
     00h     008ah     008ah    0001h      ILOCAL   1         _buzzer_ctrl (c:\users\user\documents\htk_project\3652_adc_test_master_1\Output\HAL_GPIO.OBJ)
     00h     008ah     008ah    0000h      ILOCAL   0         _RFReadSyncword (c:\users\user\documents\htk_project\3652_adc_test_master_1\Output\BC3602.OBJ)
     00h     008ah     008ah    0000h      ILOCAL   0         _System_deepsleep (c:\users\user\documents\htk_project\3652_adc_test_master_1\Output\HAL_RF.OBJ)

     Public Symbols Information
     Address            Public by Name
     00edh              _ADC_Value
     00d6h              _BANK0_REGS_TALBE
     00d2h              _BANK1_REGS_TALBE
     00cah              _BANK2_REGS_TALBE
     0862h              _BC3602_Config
     00c8h              _BC3602_SYNCWORD
     00b0h              _BC3602_T
     0097h              _CBPF_REGS_TALBE
     00e1h              _COMMON_REGS_TALBE
     0b21h              _CRC16_CCITT_FALSE
     0f44h              _Crom2Prom
     0f43h              _Crom2PromNext
     0e58h              _DATA_Process
     00adh              _DM_REGS_TALBE
     00a4h              _DeviceACK_CMD_Flag
     00a2h              _DeviceACK_Flag
     09dch              _EntryDeepSleep
     09dfh              _EntryIdleMode
     09d9h              _EntryLightSleep
     00f6h              _ExtRxLength
     00a6h              _ExtTxLength
     0af6h              _Extend_FIFO_Disable
     0ae3h              _Extend_FIFO_Enable
     009ah              _FCF_REGS_TALBE
     00a3h              _Fg_I2c_WrRd
     00b8h              _Frequency_REGS_TALBE
     03a6h              _IIC_Init
     03aah              _IIC_Start
     03bah              _IIC_Stop
     00edh              _IRQIO_REGS_TALBE
     0e69h              _KEY_Process
     09e2h              _LircCalibration
     00a7h              _Mflag
     00e2h              _PACKET_REGS_TALBE
     09bdh              _RFCalibration
     0b18h              _RFDisARK
     0840h              _RFDisATR
     0b07h              _RFEnARK
     0837h              _RFEnATR
     09cbh              _RFGetClrRFIrq
     07c6h              _RFReadBuf
     07e1h              _RFReadBuf2
     0adeh              _RFReadRssi
     0902h              _RFReadSyncword
     0903h              _RFSetDRPram
     099fh              _RFSetPower
     0795h              _RFWriteBuf
     07aah              _RFWriteBuf2
     0971h              _RFWriteFreq
     094ch              _RFWriteFreqTABLE
     08f1h              _RFWriteSyncword
     0849h              _RFXtalReady
     0a87h              _RF_EntryRxMode
     0a95h              _RF_EntrySniffMode
     0aa8h              _RF_EntryWOT_Mode
     0d9ch              _RF_Finished_Process
     00f5h              _RF_IRQ
     09f0h              _RF_Init
     0b67h              _RF_Parameter_loading
     0e8ch              _RF_Process
     0d91h              _RF_Process_Init
     0180h              _RF_RXFIFO
     0ad4h              _RF_ReadRxData
     0aceh              _RF_ResendData
     0a2dh              _RF_RxBER
     0ab9h              _RF_SendData
     0a7eh              _RF_SetAddr
     0a75h              _RF_SetSniffPrm
     00cdh              _RF_TXFIFO
     0a08h              _RF_TxCarrier
     0a5dh              _RF_WriteFreq
     03edh              _Rd_Byte
     081ah              _ReadFIFO
     00f1h              _ReceiveData
     00fbh              _Resent_Count
     084fh              _ResetLvRF
     09d6h              _ResetRXFIFO
     09d3h              _ResetTXFIFO
     00f4h              _Rx_Buff
     0c74h              _SimpleFIFO_RX_Process
     0ba6h              _SimpleFIFO_TX_Process
     0d4dh              _SpiCSN_high
     0d4bh              _SpiCSN_low
     0d3bh              _SpiIOInti
     0d4fh              _SpiRead
     0789h              _SpiReadRegCMD
     0d5ah              _SpiWrite
     0778h              _SpiWriteRegCMD
     0783h              _SpiWriteStrobeCMD
     0d77h              _Sys_init
     0eb0h              _System_deepsleep
     0d97h              _TB0_proc
     00bch              _TxPowerValue
     03c7h              _Wr_Byte
     07ffh              _WriteFIFO
     0420h              _WriteI2C_Int
     008dh              _WriteI2C_Int_2
     0f14h              __DELAYX0
     0f13h              __DELAYX1
     0f13h              __DELAYX2
     0f12h              __DELAYX3
     0f12h              __DELAYX4
     0f11h              __DELAYX5
     0f11h              __DELAYX6
     00efh              _a
     0279h              _adc_getValue
     0009h              _adc_init
     0227h              _adc_selectChannel
     0ec7h              _builtin_holtek_divmodhi4_isr00
     0efeh              _builtin_holtek_mulhi3_isr00
     0ed0h              _builtin_holtek_udivmodhi4_isr00
     039eh              _buzzer_ctrl
     0409h              _checkAck
     00f4h              _convert_integer_to_string
     0092h              _convert_integer_to_string_2
     0167h              _delay
     008ah              _delay_2
     0d64h              _fun_RamInit
     0388h              _gpio_init
     00ach              _intF
     0393h              _int_init
     0291h              _itoa
     0098h              _itoa_2
     06e4h              _ktd_anticlockwise_ring
     0452h              _ktd_clear
     0650h              _ktd_clockwise_ring
     009eh              _ktd_clockwise_ring_2
     0436h              _ktd_en
     04efh              _ktd_rgb_ctrl
     05a9h              _ktd_ring
     00c9h              _mRFSync
     01bbh              _main
     0007h              _margin_len
     0f1bh              _memcpy
     0193h              _sw0_status_check
     00f7h              _syncword
     017dh              _sysInit
     00aah              _temPtr
     00a5h              _u16_I2cError_Cnt
     00f3h              _u8_I2c_WrRd_1ms
     00f2h              _u8_IIC_Count
     036ch              _uart_int
     009ch              _uart_int_2
     033ah              _uart_int_init
     035dh              _uart_printf
     008ch              _uart_printf_2
     0341h              _uart_prot_init
     0357h              _uart_receive
     034fh              _uart_send
     0088h              r11c
     0089h              r21c
     0080h              ra
     0081h              rb
     0082h              rc
     0083h              rd
     0084h              re
     0085h              rf
     0086h              rg
     0087h              rh
     0000h              startup_value_1

     Address            Public by Value
     0000h              startup_value_1
     0007h              _margin_len
     0009h              _adc_init
     0080h              ra
     0081h              rb
     0082h              rc
     0083h              rd
     0084h              re
     0085h              rf
     0086h              rg
     0087h              rh
     0088h              r11c
     0089h              r21c
     008ah              _delay_2
     008ch              _uart_printf_2
     008dh              _WriteI2C_Int_2
     0092h              _convert_integer_to_string_2
     0097h              _CBPF_REGS_TALBE
     0098h              _itoa_2
     009ah              _FCF_REGS_TALBE
     009ch              _uart_int_2
     009eh              _ktd_clockwise_ring_2
     00a2h              _DeviceACK_Flag
     00a3h              _Fg_I2c_WrRd
     00a4h              _DeviceACK_CMD_Flag
     00a5h              _u16_I2cError_Cnt
     00a6h              _ExtTxLength
     00a7h              _Mflag
     00aah              _temPtr
     00ach              _intF
     00adh              _DM_REGS_TALBE
     00b0h              _BC3602_T
     00b8h              _Frequency_REGS_TALBE
     00bch              _TxPowerValue
     00c8h              _BC3602_SYNCWORD
     00c9h              _mRFSync
     00cah              _BANK2_REGS_TALBE
     00cdh              _RF_TXFIFO
     00d2h              _BANK1_REGS_TALBE
     00d6h              _BANK0_REGS_TALBE
     00e1h              _COMMON_REGS_TALBE
     00e2h              _PACKET_REGS_TALBE
     00edh              _ADC_Value
     00edh              _IRQIO_REGS_TALBE
     00efh              _a
     00f1h              _ReceiveData
     00f2h              _u8_IIC_Count
     00f3h              _u8_I2c_WrRd_1ms
     00f4h              _Rx_Buff
     00f4h              _convert_integer_to_string
     00f5h              _RF_IRQ
     00f6h              _ExtRxLength
     00f7h              _syncword
     00fbh              _Resent_Count
     0167h              _delay
     017dh              _sysInit
     0180h              _RF_RXFIFO
     0193h              _sw0_status_check
     01bbh              _main
     0227h              _adc_selectChannel
     0279h              _adc_getValue
     0291h              _itoa
     033ah              _uart_int_init
     0341h              _uart_prot_init
     034fh              _uart_send
     0357h              _uart_receive
     035dh              _uart_printf
     036ch              _uart_int
     0388h              _gpio_init
     0393h              _int_init
     039eh              _buzzer_ctrl
     03a6h              _IIC_Init
     03aah              _IIC_Start
     03bah              _IIC_Stop
     03c7h              _Wr_Byte
     03edh              _Rd_Byte
     0409h              _checkAck
     0420h              _WriteI2C_Int
     0436h              _ktd_en
     0452h              _ktd_clear
     04efh              _ktd_rgb_ctrl
     05a9h              _ktd_ring
     0650h              _ktd_clockwise_ring
     06e4h              _ktd_anticlockwise_ring
     0778h              _SpiWriteRegCMD
     0783h              _SpiWriteStrobeCMD
     0789h              _SpiReadRegCMD
     0795h              _RFWriteBuf
     07aah              _RFWriteBuf2
     07c6h              _RFReadBuf
     07e1h              _RFReadBuf2
     07ffh              _WriteFIFO
     081ah              _ReadFIFO
     0837h              _RFEnATR
     0840h              _RFDisATR
     0849h              _RFXtalReady
     084fh              _ResetLvRF
     0862h              _BC3602_Config
     08f1h              _RFWriteSyncword
     0902h              _RFReadSyncword
     0903h              _RFSetDRPram
     094ch              _RFWriteFreqTABLE
     0971h              _RFWriteFreq
     099fh              _RFSetPower
     09bdh              _RFCalibration
     09cbh              _RFGetClrRFIrq
     09d3h              _ResetTXFIFO
     09d6h              _ResetRXFIFO
     09d9h              _EntryLightSleep
     09dch              _EntryDeepSleep
     09dfh              _EntryIdleMode
     09e2h              _LircCalibration
     09f0h              _RF_Init
     0a08h              _RF_TxCarrier
     0a2dh              _RF_RxBER
     0a5dh              _RF_WriteFreq
     0a75h              _RF_SetSniffPrm
     0a7eh              _RF_SetAddr
     0a87h              _RF_EntryRxMode
     0a95h              _RF_EntrySniffMode
     0aa8h              _RF_EntryWOT_Mode
     0ab9h              _RF_SendData
     0aceh              _RF_ResendData
     0ad4h              _RF_ReadRxData
     0adeh              _RFReadRssi
     0ae3h              _Extend_FIFO_Enable
     0af6h              _Extend_FIFO_Disable
     0b07h              _RFEnARK
     0b18h              _RFDisARK
     0b21h              _CRC16_CCITT_FALSE
     0b67h              _RF_Parameter_loading
     0ba6h              _SimpleFIFO_TX_Process
     0c74h              _SimpleFIFO_RX_Process
     0d3bh              _SpiIOInti
     0d4bh              _SpiCSN_low
     0d4dh              _SpiCSN_high
     0d4fh              _SpiRead
     0d5ah              _SpiWrite
     0d64h              _fun_RamInit
     0d77h              _Sys_init
     0d91h              _RF_Process_Init
     0d97h              _TB0_proc
     0d9ch              _RF_Finished_Process
     0e58h              _DATA_Process
     0e69h              _KEY_Process
     0e8ch              _RF_Process
     0eb0h              _System_deepsleep
     0ec7h              _builtin_holtek_divmodhi4_isr00
     0ed0h              _builtin_holtek_udivmodhi4_isr00
     0efeh              _builtin_holtek_mulhi3_isr00
     0f11h              __DELAYX6
     0f11h              __DELAYX5
     0f12h              __DELAYX4
     0f12h              __DELAYX3
     0f13h              __DELAYX2
     0f13h              __DELAYX1
     0f14h              __DELAYX0
     0f1bh              _memcpy
     0f43h              _Crom2PromNext
     0f44h              _Crom2Prom


ROM Usage Statistics
     Size      Used     Percentage
     2000h     0f53h    47%

RAM Usage Statistics
    Bank      Size      Used     Percentage
     00h       0080h     007dh    97%
     01h       0080h     0020h    25%
     02h       0080h     0000h    0%
     03h       0080h     0000h    0%
     Total     0200h     009dh    30%

Use Stack Count
_convert_integer_to_string: 1
_main: 5
_uart_int: 2
_Rd_Byte: 1
_ktd_clockwise_ring: 4
_ktd_anticlockwise_ring: 4
_RFReadBuf: 1
_RFWriteFreq: 2
_ResetTXFIFO: 2
_ResetRXFIFO: 2
_EntryLightSleep: 2
_EntryDeepSleep: 2
_EntryIdleMode: 2
_RF_TxCarrier: 3
_RF_RxBER: 3
_RF_WriteFreq: 2
_RF_SetSniffPrm: 2
_RF_SetAddr: 2
_RF_EntryRxMode: 3
_RF_EntrySniffMode: 3
_RF_EntryWOT_Mode: 3
_RF_SendData: 3
_RF_ResendData: 3
_RF_ReadRxData: 2
_RFReadRssi: 2
_Extend_FIFO_Enable: 2
_Extend_FIFO_Disable: 2
_RFEnARK: 2
_RFDisARK: 2
_CRC16_CCITT_FALSE: 1
_RF_Process_Init: 4
_TB0_proc: 0
_RF_Process: 5

Call Tree
    _convert_integer_to_string
        _builtin_holtek_divmodhi4_isr00 (0)
    @dummy
        _main (0)
            _Sys_init (1)
                _fun_RamInit (2)
            _sysInit (1)
                _uart_prot_init (2)
                    _uart_int_init (3)
                _delay (2)
                _adc_init (2)
                    _adc_selectChannel (3)
                    _delay (3)
                _IIC_Init (2)
                _ktd_en (2)
                    _WriteI2C_Int (3)
                        _IIC_Start (4)
                            __DELAYX (5)
                        _Wr_Byte (4)
                            __DELAYX (5)
                        _checkAck (4)
                            __DELAYX (5)
                        _IIC_Stop (4)
                            __DELAYX (5)
                    _delay (3)
                _ktd_clear (2)
                    _WriteI2C_Int (3)
                        _IIC_Start (4)
                            __DELAYX (5)
                        _Wr_Byte (4)
                            __DELAYX (5)
                        _checkAck (4)
                            __DELAYX (5)
                        _IIC_Stop (4)
                            __DELAYX (5)
                    _delay (3)
                _int_init (2)
                    _gpio_init (3)
            _RF_Init (1)
                _SpiIOInti (2)
                _SpiWriteStrobeCMD (2)
                    _SpiCSN_low (3)
                    _SpiWrite (3)
                    _SpiCSN_high (3)
                _ResetLvRF (2)
                    _SpiReadRegCMD (3)
                        _SpiCSN_low (4)
                        _SpiWrite (4)
                        _SpiRead (4)
                        _SpiCSN_high (4)
                    _SpiWriteRegCMD (3)
                        _SpiCSN_low (4)
                        _SpiWrite (4)
                        _SpiCSN_high (4)
                _BC3602_Config (2)
                    _Crom2Prom (3)
                    _Crom2Prom (3)
                    _SpiWriteRegCMD (3)
                        _SpiCSN_low (4)
                        _SpiWrite (4)
                        _SpiCSN_high (4)
                    _SpiWriteStrobeCMD (3)
                        _SpiCSN_low (4)
                        _SpiWrite (4)
                        _SpiCSN_high (4)
                _RFWriteSyncword (2)
                    _RFWriteBuf (3)
                        _SpiCSN_low (4)
                        _SpiWrite (4)
                        _Crom2Prom (4)
                        _SpiCSN_high (4)
                _RFWriteFreqTABLE (2)
                    _SpiReadRegCMD (3)
                        _SpiCSN_low (4)
                        _SpiWrite (4)
                        _SpiRead (4)
                        _SpiCSN_high (4)
                    _SpiWriteRegCMD (3)
                        _SpiCSN_low (4)
                        _SpiWrite (4)
                        _SpiCSN_high (4)
                    _Crom2Prom (3)
                    _Crom2Prom (3)
                _RFSetDRPram (2)
                    _SpiWriteStrobeCMD (3)
                        _SpiCSN_low (4)
                        _SpiWrite (4)
                        _SpiCSN_high (4)
                    _Crom2Prom (3)
                    _Crom2Prom (3)
                    _SpiWriteRegCMD (3)
                        _SpiCSN_low (4)
                        _SpiWrite (4)
                        _SpiCSN_high (4)
                _RFSetPower (2)
                    _Crom2Prom (3)
                    _SpiWriteRegCMD (3)
                        _SpiCSN_low (4)
                        _SpiWrite (4)
                        _SpiCSN_high (4)
                _RFXtalReady (2)
                    _SpiReadRegCMD (3)
                        _SpiCSN_low (4)
                        _SpiWrite (4)
                        _SpiRead (4)
                        _SpiCSN_high (4)
                _RFCalibration (2)
                    _SpiReadRegCMD (3)
                        _SpiCSN_low (4)
                        _SpiWrite (4)
                        _SpiRead (4)
                        _SpiCSN_high (4)
                    _SpiWriteRegCMD (3)
                        _SpiCSN_low (4)
                        _SpiWrite (4)
                        _SpiCSN_high (4)
                _LircCalibration (2)
                    _SpiReadRegCMD (3)
                        _SpiCSN_low (4)
                        _SpiWrite (4)
                        _SpiRead (4)
                        _SpiCSN_high (4)
                    _SpiWriteRegCMD (3)
                        _SpiCSN_low (4)
                        _SpiWrite (4)
                        _SpiCSN_high (4)
                _RFGetClrRFIrq (2)
                    _SpiReadRegCMD (3)
                        _SpiCSN_low (4)
                        _SpiWrite (4)
                        _SpiRead (4)
                        _SpiCSN_high (4)
                    _SpiWriteRegCMD (3)
                        _SpiCSN_low (4)
                        _SpiWrite (4)
                        _SpiCSN_high (4)
            _RF_Parameter_loading (1)
                _SpiWriteStrobeCMD (2)
                    _SpiCSN_low (3)
                    _SpiWrite (3)
                    _SpiCSN_high (3)
                _RFReadBuf2 (2)
                    _SpiCSN_low (3)
                    _SpiWrite (3)
                    _SpiRead (3)
                    _SpiCSN_high (3)
                _SpiReadRegCMD (2)
                    _SpiCSN_low (3)
                    _SpiWrite (3)
                    _SpiRead (3)
                    _SpiCSN_high (3)
            _delay (1)
            _ktd_clear (1)
                _WriteI2C_Int (2)
                    _IIC_Start (3)
                        __DELAYX (4)
                    _Wr_Byte (3)
                        __DELAYX (4)
                    _checkAck (3)
                        __DELAYX (4)
                    _IIC_Stop (3)
                        __DELAYX (4)
                _delay (2)
            _sw0_status_check (1)
                _uart_printf (2)
                    _uart_send (3)
                    _Crom2Prom (3)
                _delay (2)
            _ktd_rgb_ctrl (1)
                _WriteI2C_Int (2)
                    _IIC_Start (3)
                        __DELAYX (4)
                    _Wr_Byte (3)
                        __DELAYX (4)
                    _checkAck (3)
                        __DELAYX (4)
                    _IIC_Stop (3)
                        __DELAYX (4)
                _delay (2)
            _uart_printf (1)
                _uart_send (2)
                _Crom2Prom (2)
            _KEY_Process (1)
                _DATA_Process (2)
            _SimpleFIFO_TX_Process (1)
                _Crom2Prom (2)
                _SpiWriteStrobeCMD (2)
                    _SpiCSN_low (3)
                    _SpiWrite (3)
                    _SpiCSN_high (3)
                _SpiWriteRegCMD (2)
                    _SpiCSN_low (3)
                    _SpiWrite (3)
                    _SpiCSN_high (3)
                _Crom2Prom (2)
                _RFWriteBuf2 (2)
                    _SpiCSN_low (3)
                    _SpiWrite (3)
                    _Crom2Prom (3)
                    _SpiCSN_high (3)
                _SpiReadRegCMD (2)
                    _SpiCSN_low (3)
                    _SpiWrite (3)
                    _SpiRead (3)
                    _SpiCSN_high (3)
                __DELAYX (2)
            _SimpleFIFO_RX_Process (1)
                _Crom2Prom (2)
                _SpiWriteStrobeCMD (2)
                    _SpiCSN_low (3)
                    _SpiWrite (3)
                    _SpiCSN_high (3)
                _SpiWriteRegCMD (2)
                    _SpiCSN_low (3)
                    _SpiWrite (3)
                    _SpiCSN_high (3)
                _SpiReadRegCMD (2)
                    _SpiCSN_low (3)
                    _SpiWrite (3)
                    _SpiRead (3)
                    _SpiCSN_high (3)
                _Crom2Prom (2)
                _RFReadBuf2 (2)
                    _SpiCSN_low (3)
                    _SpiWrite (3)
                    _SpiRead (3)
                    _SpiCSN_high (3)
            _RF_Finished_Process (1)
                _Crom2Prom (2)
                _ktd_clear (2)
                    _WriteI2C_Int (3)
                        _IIC_Start (4)
                            __DELAYX (5)
                        _Wr_Byte (4)
                            __DELAYX (5)
                        _checkAck (4)
                            __DELAYX (5)
                        _IIC_Stop (4)
                            __DELAYX (5)
                    _delay (3)
                _ktd_rgb_ctrl (2)
                    _WriteI2C_Int (3)
                        _IIC_Start (4)
                            __DELAYX (5)
                        _Wr_Byte (4)
                            __DELAYX (5)
                        _checkAck (4)
                            __DELAYX (5)
                        _IIC_Stop (4)
                            __DELAYX (5)
                    _delay (3)
                _delay (2)
    _uart_int
        _memcpy (0)
            _Crom2Prom (1)
        _itoa (0)
            _builtin_holtek_divmodhi4_isr00 (1)
            _builtin_holtek_mulhi3_isr00 (1)
            _Crom2Prom (1)
        _uart_printf (0)
            _uart_send (1)
            _Crom2Prom (1)
    _Rd_Byte
        __DELAYX (0)
    _ktd_clockwise_ring
        _ktd_ring (0)
            _WriteI2C_Int (1)
                _IIC_Start (2)
                    __DELAYX (3)
                _Wr_Byte (2)
                    __DELAYX (3)
                _checkAck (2)
                    __DELAYX (3)
                _IIC_Stop (2)
                    __DELAYX (3)
            _delay (1)
        _delay (0)
    _ktd_anticlockwise_ring
        _ktd_ring (0)
            _WriteI2C_Int (1)
                _IIC_Start (2)
                    __DELAYX (3)
                _Wr_Byte (2)
                    __DELAYX (3)
                _checkAck (2)
                    __DELAYX (3)
                _IIC_Stop (2)
                    __DELAYX (3)
            _delay (1)
        _delay (0)
    _RFReadBuf
        _SpiCSN_low (0)
        _SpiWrite (0)
        _SpiRead (0)
        _SpiCSN_high (0)
    _RFWriteFreq
        _SpiReadRegCMD (0)
            _SpiCSN_low (1)
            _SpiWrite (1)
            _SpiRead (1)
            _SpiCSN_high (1)
        _SpiWriteRegCMD (0)
            _SpiCSN_low (1)
            _SpiWrite (1)
            _SpiCSN_high (1)
        _Crom2Prom (0)
        _Crom2Prom (0)
    _ResetTXFIFO
        _SpiWriteStrobeCMD (0)
            _SpiCSN_low (1)
            _SpiWrite (1)
            _SpiCSN_high (1)
    _ResetRXFIFO
        _SpiWriteStrobeCMD (0)
            _SpiCSN_low (1)
            _SpiWrite (1)
            _SpiCSN_high (1)
    _EntryLightSleep
        _SpiWriteStrobeCMD (0)
            _SpiCSN_low (1)
            _SpiWrite (1)
            _SpiCSN_high (1)
    _EntryDeepSleep
        _SpiWriteStrobeCMD (0)
            _SpiCSN_low (1)
            _SpiWrite (1)
            _SpiCSN_high (1)
    _EntryIdleMode
        _SpiWriteStrobeCMD (0)
            _SpiCSN_low (1)
            _SpiWrite (1)
            _SpiCSN_high (1)
    _RF_TxCarrier
        _SpiReadRegCMD (0)
            _SpiCSN_low (1)
            _SpiWrite (1)
            _SpiRead (1)
            _SpiCSN_high (1)
        _SpiWriteRegCMD (0)
            _SpiCSN_low (1)
            _SpiWrite (1)
            _SpiCSN_high (1)
        _SpiWriteStrobeCMD (0)
            _SpiCSN_low (1)
            _SpiWrite (1)
            _SpiCSN_high (1)
        _RFXtalReady (0)
            _SpiReadRegCMD (1)
                _SpiCSN_low (2)
                _SpiWrite (2)
                _SpiRead (2)
                _SpiCSN_high (2)
    _RF_RxBER
        _SpiWriteStrobeCMD (0)
            _SpiCSN_low (1)
            _SpiWrite (1)
            _SpiCSN_high (1)
        _SpiReadRegCMD (0)
            _SpiCSN_low (1)
            _SpiWrite (1)
            _SpiRead (1)
            _SpiCSN_high (1)
        _SpiWriteRegCMD (0)
            _SpiCSN_low (1)
            _SpiWrite (1)
            _SpiCSN_high (1)
        _RFXtalReady (0)
            _SpiReadRegCMD (1)
                _SpiCSN_low (2)
                _SpiWrite (2)
                _SpiRead (2)
                _SpiCSN_high (2)
    _RF_WriteFreq
        _SpiReadRegCMD (0)
            _SpiCSN_low (1)
            _SpiWrite (1)
            _SpiRead (1)
            _SpiCSN_high (1)
        _SpiWriteRegCMD (0)
            _SpiCSN_low (1)
            _SpiWrite (1)
            _SpiCSN_high (1)
        _RFWriteBuf2 (0)
            _SpiCSN_low (1)
            _SpiWrite (1)
            _Crom2Prom (1)
            _SpiCSN_high (1)
    _RF_SetSniffPrm
        _RFWriteBuf2 (0)
            _SpiCSN_low (1)
            _SpiWrite (1)
            _Crom2Prom (1)
            _SpiCSN_high (1)
    _RF_SetAddr
        _RFWriteBuf2 (0)
            _SpiCSN_low (1)
            _SpiWrite (1)
            _Crom2Prom (1)
            _SpiCSN_high (1)
    _RF_EntryRxMode
        _SpiWriteStrobeCMD (0)
            _SpiCSN_low (1)
            _SpiWrite (1)
            _SpiCSN_high (1)
        _RFXtalReady (0)
            _SpiReadRegCMD (1)
                _SpiCSN_low (2)
                _SpiWrite (2)
                _SpiRead (2)
                _SpiCSN_high (2)
        _RFDisATR (0)
            _SpiReadRegCMD (1)
                _SpiCSN_low (2)
                _SpiWrite (2)
                _SpiRead (2)
                _SpiCSN_high (2)
            _SpiWriteRegCMD (1)
                _SpiCSN_low (2)
                _SpiWrite (2)
                _SpiCSN_high (2)
        _RFCalibration (0)
            _SpiReadRegCMD (1)
                _SpiCSN_low (2)
                _SpiWrite (2)
                _SpiRead (2)
                _SpiCSN_high (2)
            _SpiWriteRegCMD (1)
                _SpiCSN_low (2)
                _SpiWrite (2)
                _SpiCSN_high (2)
        _SpiWriteRegCMD (0)
            _SpiCSN_low (1)
            _SpiWrite (1)
            _SpiCSN_high (1)
    _RF_EntrySniffMode
        _SpiWriteStrobeCMD (0)
            _SpiCSN_low (1)
            _SpiWrite (1)
            _SpiCSN_high (1)
        _RFXtalReady (0)
            _SpiReadRegCMD (1)
                _SpiCSN_low (2)
                _SpiWrite (2)
                _SpiRead (2)
                _SpiCSN_high (2)
        _RFDisATR (0)
            _SpiReadRegCMD (1)
                _SpiCSN_low (2)
                _SpiWrite (2)
                _SpiRead (2)
                _SpiCSN_high (2)
            _SpiWriteRegCMD (1)
                _SpiCSN_low (2)
                _SpiWrite (2)
                _SpiCSN_high (2)
        _SpiReadRegCMD (0)
            _SpiCSN_low (1)
            _SpiWrite (1)
            _SpiRead (1)
            _SpiCSN_high (1)
        _SpiWriteRegCMD (0)
            _SpiCSN_low (1)
            _SpiWrite (1)
            _SpiCSN_high (1)
        _RFCalibration (0)
            _SpiReadRegCMD (1)
                _SpiCSN_low (2)
                _SpiWrite (2)
                _SpiRead (2)
                _SpiCSN_high (2)
            _SpiWriteRegCMD (1)
                _SpiCSN_low (2)
                _SpiWrite (2)
                _SpiCSN_high (2)
        _RFEnATR (0)
            _SpiReadRegCMD (1)
                _SpiCSN_low (2)
                _SpiWrite (2)
                _SpiRead (2)
                _SpiCSN_high (2)
            _SpiWriteRegCMD (1)
                _SpiCSN_low (2)
                _SpiWrite (2)
                _SpiCSN_high (2)
    _RF_EntryWOT_Mode
        _SpiWriteStrobeCMD (0)
            _SpiCSN_low (1)
            _SpiWrite (1)
            _SpiCSN_high (1)
        _RFXtalReady (0)
            _SpiReadRegCMD (1)
                _SpiCSN_low (2)
                _SpiWrite (2)
                _SpiRead (2)
                _SpiCSN_high (2)
        _RFDisATR (0)
            _SpiReadRegCMD (1)
                _SpiCSN_low (2)
                _SpiWrite (2)
                _SpiRead (2)
                _SpiCSN_high (2)
            _SpiWriteRegCMD (1)
                _SpiCSN_low (2)
                _SpiWrite (2)
                _SpiCSN_high (2)
        _SpiReadRegCMD (0)
            _SpiCSN_low (1)
            _SpiWrite (1)
            _SpiRead (1)
            _SpiCSN_high (1)
        _SpiWriteRegCMD (0)
            _SpiCSN_low (1)
            _SpiWrite (1)
            _SpiCSN_high (1)
        _RFCalibration (0)
            _SpiReadRegCMD (1)
                _SpiCSN_low (2)
                _SpiWrite (2)
                _SpiRead (2)
                _SpiCSN_high (2)
            _SpiWriteRegCMD (1)
                _SpiCSN_low (2)
                _SpiWrite (2)
                _SpiCSN_high (2)
        _RFEnATR (0)
            _SpiReadRegCMD (1)
                _SpiCSN_low (2)
                _SpiWrite (2)
                _SpiRead (2)
                _SpiCSN_high (2)
            _SpiWriteRegCMD (1)
                _SpiCSN_low (2)
                _SpiWrite (2)
                _SpiCSN_high (2)
    _RF_SendData
        _SpiWriteStrobeCMD (0)
            _SpiCSN_low (1)
            _SpiWrite (1)
            _SpiCSN_high (1)
        _RFXtalReady (0)
            _SpiReadRegCMD (1)
                _SpiCSN_low (2)
                _SpiWrite (2)
                _SpiRead (2)
                _SpiCSN_high (2)
        _RFDisATR (0)
            _SpiReadRegCMD (1)
                _SpiCSN_low (2)
                _SpiWrite (2)
                _SpiRead (2)
                _SpiCSN_high (2)
            _SpiWriteRegCMD (1)
                _SpiCSN_low (2)
                _SpiWrite (2)
                _SpiCSN_high (2)
        _RFCalibration (0)
            _SpiReadRegCMD (1)
                _SpiCSN_low (2)
                _SpiWrite (2)
                _SpiRead (2)
                _SpiCSN_high (2)
            _SpiWriteRegCMD (1)
                _SpiCSN_low (2)
                _SpiWrite (2)
                _SpiCSN_high (2)
        _SpiWriteRegCMD (0)
            _SpiCSN_low (1)
            _SpiWrite (1)
            _SpiCSN_high (1)
        _WriteFIFO (0)
            _SpiCSN_low (1)
            _SpiWrite (1)
            _Crom2Prom (1)
            _SpiCSN_high (1)
    _RF_ResendData
        _SpiWriteStrobeCMD (0)
            _SpiCSN_low (1)
            _SpiWrite (1)
            _SpiCSN_high (1)
        _RFXtalReady (0)
            _SpiReadRegCMD (1)
                _SpiCSN_low (2)
                _SpiWrite (2)
                _SpiRead (2)
                _SpiCSN_high (2)
    _RF_ReadRxData
        _ReadFIFO (0)
            _SpiCSN_low (1)
            _SpiWrite (1)
            _SpiRead (1)
            _SpiCSN_high (1)
        _SpiWriteStrobeCMD (0)
            _SpiCSN_low (1)
            _SpiWrite (1)
            _SpiCSN_high (1)
    _RFReadRssi
        _SpiReadRegCMD (0)
            _SpiCSN_low (1)
            _SpiWrite (1)
            _SpiRead (1)
            _SpiCSN_high (1)
    _Extend_FIFO_Enable
        _SpiReadRegCMD (0)
            _SpiCSN_low (1)
            _SpiWrite (1)
            _SpiRead (1)
            _SpiCSN_high (1)
        _SpiWriteRegCMD (0)
            _SpiCSN_low (1)
            _SpiWrite (1)
            _SpiCSN_high (1)
    _Extend_FIFO_Disable
        _SpiReadRegCMD (0)
            _SpiCSN_low (1)
            _SpiWrite (1)
            _SpiRead (1)
            _SpiCSN_high (1)
        _SpiWriteRegCMD (0)
            _SpiCSN_low (1)
            _SpiWrite (1)
            _SpiCSN_high (1)
    _RFEnARK
        _SpiReadRegCMD (0)
            _SpiCSN_low (1)
            _SpiWrite (1)
            _SpiRead (1)
            _SpiCSN_high (1)
        _SpiWriteRegCMD (0)
            _SpiCSN_low (1)
            _SpiWrite (1)
            _SpiCSN_high (1)
    _RFDisARK
        _SpiReadRegCMD (0)
            _SpiCSN_low (1)
            _SpiWrite (1)
            _SpiRead (1)
            _SpiCSN_high (1)
        _SpiWriteRegCMD (0)
            _SpiCSN_low (1)
            _SpiWrite (1)
            _SpiCSN_high (1)
    _CRC16_CCITT_FALSE
        _Crom2Prom (0)
    _RF_Process_Init
        _Sys_init (0)
            _fun_RamInit (1)
        _RF_Init (0)
            _SpiIOInti (1)
            _SpiWriteStrobeCMD (1)
                _SpiCSN_low (2)
                _SpiWrite (2)
                _SpiCSN_high (2)
            _ResetLvRF (1)
                _SpiReadRegCMD (2)
                    _SpiCSN_low (3)
                    _SpiWrite (3)
                    _SpiRead (3)
                    _SpiCSN_high (3)
                _SpiWriteRegCMD (2)
                    _SpiCSN_low (3)
                    _SpiWrite (3)
                    _SpiCSN_high (3)
            _BC3602_Config (1)
                _Crom2Prom (2)
                _Crom2Prom (2)
                _SpiWriteRegCMD (2)
                    _SpiCSN_low (3)
                    _SpiWrite (3)
                    _SpiCSN_high (3)
                _SpiWriteStrobeCMD (2)
                    _SpiCSN_low (3)
                    _SpiWrite (3)
                    _SpiCSN_high (3)
            _RFWriteSyncword (1)
                _RFWriteBuf (2)
                    _SpiCSN_low (3)
                    _SpiWrite (3)
                    _Crom2Prom (3)
                    _SpiCSN_high (3)
            _RFWriteFreqTABLE (1)
                _SpiReadRegCMD (2)
                    _SpiCSN_low (3)
                    _SpiWrite (3)
                    _SpiRead (3)
                    _SpiCSN_high (3)
                _SpiWriteRegCMD (2)
                    _SpiCSN_low (3)
                    _SpiWrite (3)
                    _SpiCSN_high (3)
                _Crom2Prom (2)
                _Crom2Prom (2)
            _RFSetDRPram (1)
                _SpiWriteStrobeCMD (2)
                    _SpiCSN_low (3)
                    _SpiWrite (3)
                    _SpiCSN_high (3)
                _Crom2Prom (2)
                _Crom2Prom (2)
                _SpiWriteRegCMD (2)
                    _SpiCSN_low (3)
                    _SpiWrite (3)
                    _SpiCSN_high (3)
            _RFSetPower (1)
                _Crom2Prom (2)
                _SpiWriteRegCMD (2)
                    _SpiCSN_low (3)
                    _SpiWrite (3)
                    _SpiCSN_high (3)
            _RFXtalReady (1)
                _SpiReadRegCMD (2)
                    _SpiCSN_low (3)
                    _SpiWrite (3)
                    _SpiRead (3)
                    _SpiCSN_high (3)
            _RFCalibration (1)
                _SpiReadRegCMD (2)
                    _SpiCSN_low (3)
                    _SpiWrite (3)
                    _SpiRead (3)
                    _SpiCSN_high (3)
                _SpiWriteRegCMD (2)
                    _SpiCSN_low (3)
                    _SpiWrite (3)
                    _SpiCSN_high (3)
            _LircCalibration (1)
                _SpiReadRegCMD (2)
                    _SpiCSN_low (3)
                    _SpiWrite (3)
                    _SpiRead (3)
                    _SpiCSN_high (3)
                _SpiWriteRegCMD (2)
                    _SpiCSN_low (3)
                    _SpiWrite (3)
                    _SpiCSN_high (3)
            _RFGetClrRFIrq (1)
                _SpiReadRegCMD (2)
                    _SpiCSN_low (3)
                    _SpiWrite (3)
                    _SpiRead (3)
                    _SpiCSN_high (3)
                _SpiWriteRegCMD (2)
                    _SpiCSN_low (3)
                    _SpiWrite (3)
                    _SpiCSN_high (3)
        _RF_Parameter_loading (0)
            _SpiWriteStrobeCMD (1)
                _SpiCSN_low (2)
                _SpiWrite (2)
                _SpiCSN_high (2)
            _RFReadBuf2 (1)
                _SpiCSN_low (2)
                _SpiWrite (2)
                _SpiRead (2)
                _SpiCSN_high (2)
            _SpiReadRegCMD (1)
                _SpiCSN_low (2)
                _SpiWrite (2)
                _SpiRead (2)
                _SpiCSN_high (2)
    @dummy28
        _TB0_proc (0)
    _RF_Process
        _KEY_Process (0)
            _DATA_Process (1)
        _SimpleFIFO_TX_Process (0)
            _Crom2Prom (1)
            _SpiWriteStrobeCMD (1)
                _SpiCSN_low (2)
                _SpiWrite (2)
                _SpiCSN_high (2)
            _SpiWriteRegCMD (1)
                _SpiCSN_low (2)
                _SpiWrite (2)
                _SpiCSN_high (2)
            _Crom2Prom (1)
            _RFWriteBuf2 (1)
                _SpiCSN_low (2)
                _SpiWrite (2)
                _Crom2Prom (2)
                _SpiCSN_high (2)
            _SpiReadRegCMD (1)
                _SpiCSN_low (2)
                _SpiWrite (2)
                _SpiRead (2)
                _SpiCSN_high (2)
            __DELAYX (1)
        _SimpleFIFO_RX_Process (0)
            _Crom2Prom (1)
            _SpiWriteStrobeCMD (1)
                _SpiCSN_low (2)
                _SpiWrite (2)
                _SpiCSN_high (2)
            _SpiWriteRegCMD (1)
                _SpiCSN_low (2)
                _SpiWrite (2)
                _SpiCSN_high (2)
            _SpiReadRegCMD (1)
                _SpiCSN_low (2)
                _SpiWrite (2)
                _SpiRead (2)
                _SpiCSN_high (2)
            _Crom2Prom (1)
            _RFReadBuf2 (1)
                _SpiCSN_low (2)
                _SpiWrite (2)
                _SpiRead (2)
                _SpiCSN_high (2)
        _RF_Finished_Process (0)
            _Crom2Prom (1)
            _ktd_clear (1)
                _WriteI2C_Int (2)
                    _IIC_Start (3)
                        __DELAYX (4)
                    _Wr_Byte (3)
                        __DELAYX (4)
                    _checkAck (3)
                        __DELAYX (4)
                    _IIC_Stop (3)
                        __DELAYX (4)
                _delay (2)
            _ktd_rgb_ctrl (1)
                _WriteI2C_Int (2)
                    _IIC_Start (3)
                        __DELAYX (4)
                    _Wr_Byte (3)
                        __DELAYX (4)
                    _checkAck (3)
                        __DELAYX (4)
                    _IIC_Stop (3)
                        __DELAYX (4)
                _delay (2)
            _delay (1)

HLINK: Program entry point at section '@code' (address 0) of file 'c:\users\user\documents\htk_project\3652_adc_test_master_1\Output\MAIN.OBJ'

Total 0 error(s), Total 0 Warning(s)
